  2,000/640,219 | G:1,991 P:9 | 198/s | ETA: 54m
  4,000/640,219 | G:3,967 P:33 | 181/s | ETA: 59m
  6,000/640,219 | G:5,955 P:45 | 176/s | ETA: 60m
  8,000/640,219 | G:7,940 P:60 | 171/s | ETA: 61m
  10,000/640,219 | G:9,930 P:70 | 169/s | ETA: 62m
  12,000/640,219 | G:11,912 P:88 | 169/s | ETA: 62m
  14,000/640,219 | G:13,903 P:97 | 171/s | ETA: 61m
  16,000/640,219 | G:15,895 P:105 | 170/s | ETA: 61m
  18,000/640,219 | G:17,882 P:118 | 170/s | ETA: 61m
  20,000/640,219 | G:19,872 P:128 | 169/s | ETA: 61m
  22,000/640,219 | G:21,861 P:139 | 169/s | ETA: 61m
  24,000/640,219 | G:23,850 P:150 | 169/s | ETA: 61m
  26,000/640,219 | G:25,840 P:160 | 169/s | ETA: 61m
  28,000/640,219 | G:27,830 P:170 | 169/s | ETA: 61m
  30,000/640,219 | G:29,810 P:190 | 168/s | ETA: 60m
  32,000/640,219 | G:31,788 P:212 | 168/s | ETA: 60m
  34,000/640,219 | G:33,773 P:227 | 168/s | ETA: 60m
  36,000/640,219 | G:35,770 P:230 | 168/s | ETA: 60m
  38,000/640,219 | G:37,760 P:240 | 168/s | ETA: 60m
  40,000/640,219 | G:39,753 P:247 | 168/s | ETA: 60m
  42,000/640,219 | G:41,740 P:260 | 168/s | ETA: 59m
  44,000/640,219 | G:43,725 P:275 | 168/s | ETA: 59m
  46,000/640,219 | G:45,710 P:290 | 168/s | ETA: 59m
  48,000/640,219 | G:47,695 P:305 | 136/s | ETA: 73m
  50,000/640,219 | G:49,681 P:319 | 137/s | ETA: 72m
  52,000/640,219 | G:51,675 P:325 | 138/s | ETA: 71m
  54,000/640,219 | G:53,665 P:335 | 139/s | ETA: 70m
  56,000/640,219 | G:55,651 P:349 | 120/s | ETA: 81m
  58,000/640,219 | G:57,641 P:359 | 122/s | ETA: 80m
  60,000/640,219 | G:59,641 P:359 | 123/s | ETA: 79m
  62,000/640,219 | G:61,638 P:362 | 124/s | ETA: 78m
  64,000/640,219 | G:63,631 P:369 | 125/s | ETA: 77m
  66,000/640,219 | G:65,622 P:378 | 126/s | ETA: 76m
  68,000/640,219 | G:67,617 P:383 | 127/s | ETA: 75m
  70,000/640,219 | G:69,600 P:400 | 128/s | ETA: 74m
  72,000/640,219 | G:71,581 P:419 | 129/s | ETA: 73m
  74,000/640,219 | G:73,567 P:433 | 130/s | ETA: 73m
  76,000/640,219 | G:75,552 P:448 | 131/s | ETA: 72m
  78,000/640,219 | G:77,541 P:459 | 132/s | ETA: 71m
  80,000/640,219 | G:79,534 P:466 | 133/s | ETA: 70m
  82,000/640,219 | G:81,527 P:473 | 133/s | ETA: 70m
  84,000/640,219 | G:83,521 P:479 | 134/s | ETA: 69m
  86,000/640,219 | G:85,515 P:485 | 135/s | ETA: 69m
  88,000/640,219 | G:87,497 P:503 | 135/s | ETA: 68m
  90,000/640,219 | G:89,459 P:541 | 136/s | ETA: 67m
  92,000/640,219 | G:91,353 P:647 | 136/s | ETA: 67m
  94,000/640,219 | G:93,294 P:706 | 137/s | ETA: 66m
  96,000/640,219 | G:95,228 P:772 | 137/s | ETA: 66m
  98,000/640,219 | G:97,119 P:881 | 138/s | ETA: 66m
  100,000/640,219 | G:99,042 P:958 | 138/s | ETA: 65m
  102,000/640,219 | G:100,973 P:1,027 | 139/s | ETA: 65m
  104,000/640,219 | G:102,909 P:1,091 | 139/s | ETA: 64m
  106,000/640,219 | G:104,758 P:1,242 | 139/s | ETA: 64m
  108,000/640,219 | G:106,684 P:1,316 | 139/s | ETA: 64m
  110,000/640,219 | G:108,573 P:1,427 | 119/s | ETA: 74m
  112,000/640,219 | G:110,533 P:1,467 | 119/s | ETA: 74m
  114,000/640,219 | G:112,487 P:1,513 | 120/s | ETA: 73m
  116,000/640,219 | G:114,429 P:1,571 | 120/s | ETA: 73m
  118,000/640,219 | G:116,362 P:1,638 | 121/s | ETA: 72m
  120,000/640,219 | G:118,314 P:1,686 | 122/s | ETA: 71m
  122,000/640,219 | G:120,246 P:1,754 | 122/s | ETA: 71m
  124,000/640,219 | G:122,193 P:1,807 | 123/s | ETA: 70m
  126,000/640,219 | G:124,132 P:1,868 | 123/s | ETA: 70m
  128,000/640,219 | G:126,030 P:1,970 | 124/s | ETA: 69m
  130,000/640,219 | G:128,002 P:1,998 | 124/s | ETA: 69m
  132,000/640,219 | G:129,918 P:2,082 | 108/s | ETA: 78m
  134,000/640,219 | G:131,844 P:2,156 | 109/s | ETA: 78m
  136,000/640,219 | G:133,818 P:2,182 | 109/s | ETA: 77m
  138,000/640,219 | G:135,797 P:2,203 | 110/s | ETA: 76m
  140,000/640,219 | G:137,769 P:2,231 | 110/s | ETA: 75m
  142,000/640,219 | G:139,602 P:2,398 | 111/s | ETA: 75m
  144,000/640,219 | G:141,501 P:2,499 | 111/s | ETA: 74m
  146,000/640,219 | G:143,454 P:2,546 | 112/s | ETA: 74m
  148,000/640,219 | G:145,370 P:2,630 | 112/s | ETA: 73m
  150,000/640,219 | G:147,329 P:2,671 | 113/s | ETA: 72m
  152,000/640,219 | G:149,293 P:2,707 | 113/s | ETA: 72m
  154,000/640,219 | G:151,199 P:2,801 | 114/s | ETA: 71m
  156,000/640,219 | G:153,136 P:2,864 | 114/s | ETA: 71m
  158,000/640,219 | G:155,038 P:2,962 | 115/s | ETA: 70m
  160,000/640,219 | G:156,980 P:3,020 | 115/s | ETA: 69m
  162,000/640,219 | G:158,949 P:3,051 | 116/s | ETA: 69m
  164,000/640,219 | G:160,833 P:3,167 | 116/s | ETA: 68m
  166,000/640,219 | G:162,759 P:3,241 | 116/s | ETA: 68m
  168,000/640,219 | G:164,712 P:3,288 | 117/s | ETA: 67m
  170,000/640,219 | G:166,618 P:3,382 | 117/s | ETA: 67m
  172,000/640,219 | G:168,604 P:3,396 | 118/s | ETA: 66m
  174,000/640,219 | G:170,603 P:3,397 | 118/s | ETA: 66m
  176,000/640,219 | G:172,597 P:3,403 | 119/s | ETA: 65m
  178,000/640,219 | G:174,583 P:3,417 | 119/s | ETA: 65m
  180,000/640,219 | G:176,555 P:3,445 | 120/s | ETA: 64m
  182,000/640,219 | G:178,553 P:3,447 | 120/s | ETA: 63m
  184,000/640,219 | G:180,548 P:3,452 | 121/s | ETA: 63m
  186,000/640,219 | G:182,547 P:3,453 | 121/s | ETA: 62m
  188,000/640,219 | G:184,546 P:3,454 | 122/s | ETA: 62m
  190,000/640,219 | G:186,545 P:3,455 | 122/s | ETA: 61m
  192,000/640,219 | G:188,542 P:3,458 | 123/s | ETA: 61m
  194,000/640,219 | G:190,540 P:3,460 | 123/s | ETA: 60m
  196,000/640,219 | G:192,509 P:3,491 | 124/s | ETA: 60m
  198,000/640,219 | G:194,474 P:3,526 | 124/s | ETA: 59m
  200,000/640,219 | G:196,450 P:3,550 | 125/s | ETA: 59m
  202,000/640,219 | G:198,424 P:3,576 | 125/s | ETA: 59m
  204,000/640,219 | G:200,399 P:3,601 | 125/s | ETA: 58m
  206,000/640,219 | G:202,376 P:3,624 | 125/s | ETA: 58m
  208,000/640,219 | G:204,341 P:3,659 | 126/s | ETA: 57m
  210,000/640,219 | G:206,307 P:3,693 | 126/s | ETA: 57m
  212,000/640,219 | G:208,301 P:3,699 | 126/s | ETA: 56m
  214,000/640,219 | G:210,265 P:3,735 | 127/s | ETA: 56m
  216,000/640,219 | G:212,210 P:3,790 | 127/s | ETA: 56m
  218,000/640,219 | G:214,166 P:3,834 | 127/s | ETA: 55m
  220,000/640,219 | G:216,099 P:3,901 | 127/s | ETA: 55m
  222,000/640,219 | G:218,029 P:3,971 | 128/s | ETA: 55m
  224,000/640,219 | G:219,966 P:4,034 | 128/s | ETA: 54m
  226,000/640,219 | G:221,918 P:4,082 | 128/s | ETA: 54m
  228,000/640,219 | G:223,874 P:4,126 | 129/s | ETA: 53m
  230,000/640,219 | G:225,793 P:4,207 | 126/s | ETA: 54m
  232,000/640,219 | G:227,770 P:4,230 | 126/s | ETA: 54m
  234,000/640,219 | G:229,696 P:4,304 | 126/s | ETA: 54m
  236,000/640,219 | G:231,621 P:4,379 | 118/s | ETA: 57m
  238,000/640,219 | G:233,548 P:4,452 | 118/s | ETA: 57m
  240,000/640,219 | G:235,455 P:4,545 | 118/s | ETA: 56m
  242,000/640,219 | G:237,414 P:4,586 | 119/s | ETA: 56m
  244,000/640,219 | G:239,353 P:4,647 | 119/s | ETA: 56m
  246,000/640,219 | G:241,295 P:4,705 | 119/s | ETA: 55m
  248,000/640,219 | G:243,222 P:4,778 | 119/s | ETA: 55m
  250,000/640,219 | G:245,174 P:4,826 | 120/s | ETA: 54m
  252,000/640,219 | G:247,148 P:4,852 | 120/s | ETA: 54m
  254,000/640,219 | G:249,086 P:4,914 | 120/s | ETA: 54m
  256,000/640,219 | G:251,062 P:4,938 | 120/s | ETA: 53m
  258,000/640,219 | G:253,016 P:4,984 | 121/s | ETA: 53m
  260,000/640,219 | G:254,993 P:5,007 | 121/s | ETA: 52m
  262,000/640,219 | G:256,933 P:5,067 | 121/s | ETA: 52m
  264,000/640,219 | G:258,879 P:5,121 | 121/s | ETA: 52m
  266,000/640,219 | G:260,855 P:5,145 | 122/s | ETA: 51m
  268,000/640,219 | G:262,793 P:5,207 | 122/s | ETA: 51m
  270,000/640,219 | G:264,758 P:5,242 | 122/s | ETA: 50m
  272,000/640,219 | G:266,751 P:5,249 | 122/s | ETA: 50m
  274,000/640,219 | G:268,738 P:5,262 | 123/s | ETA: 50m
  276,000/640,219 | G:270,738 P:5,262 | 123/s | ETA: 49m
  278,000/640,219 | G:272,738 P:5,262 | 123/s | ETA: 49m
  280,000/640,219 | G:274,738 P:5,262 | 123/s | ETA: 49m
  282,000/640,219 | G:276,738 P:5,262 | 124/s | ETA: 48m
  284,000/640,219 | G:278,738 P:5,262 | 124/s | ETA: 48m
  286,000/640,219 | G:280,738 P:5,262 | 124/s | ETA: 48m
  288,000/640,219 | G:282,738 P:5,262 | 124/s | ETA: 47m
  290,000/640,219 | G:284,738 P:5,262 | 124/s | ETA: 47m
  292,000/640,219 | G:286,738 P:5,262 | 125/s | ETA: 47m
  294,000/640,219 | G:288,738 P:5,262 | 125/s | ETA: 46m
  296,000/640,219 | G:290,738 P:5,262 | 125/s | ETA: 46m
  298,000/640,219 | G:292,738 P:5,262 | 125/s | ETA: 46m
  300,000/640,219 | G:294,738 P:5,262 | 125/s | ETA: 45m
  302,000/640,219 | G:296,738 P:5,262 | 126/s | ETA: 45m
  304,000/640,219 | G:298,738 P:5,262 | 126/s | ETA: 45m
  306,000/640,219 | G:300,737 P:5,263 | 126/s | ETA: 44m
  308,000/640,219 | G:302,735 P:5,265 | 126/s | ETA: 44m
  310,000/640,219 | G:304,735 P:5,265 | 126/s | ETA: 44m
  312,000/640,219 | G:306,735 P:5,265 | 126/s | ETA: 43m
  314,000/640,219 | G:308,735 P:5,265 | 127/s | ETA: 43m
  316,000/640,219 | G:310,735 P:5,265 | 127/s | ETA: 43m
  318,000/640,219 | G:312,735 P:5,265 | 127/s | ETA: 42m
  320,000/640,219 | G:314,735 P:5,265 | 127/s | ETA: 42m
  322,000/640,219 | G:316,735 P:5,265 | 127/s | ETA: 42m
  324,000/640,219 | G:318,735 P:5,265 | 128/s | ETA: 41m
  326,000/640,219 | G:320,735 P:5,265 | 128/s | ETA: 41m
  328,000/640,219 | G:322,735 P:5,265 | 128/s | ETA: 41m
  330,000/640,219 | G:324,735 P:5,265 | 128/s | ETA: 40m
  332,000/640,219 | G:326,735 P:5,265 | 128/s | ETA: 40m
  334,000/640,219 | G:328,735 P:5,265 | 128/s | ETA: 40m
  336,000/640,219 | G:330,735 P:5,265 | 129/s | ETA: 39m
  338,000/640,219 | G:332,735 P:5,265 | 129/s | ETA: 39m
  340,000/640,219 | G:334,735 P:5,265 | 129/s | ETA: 39m
  342,000/640,219 | G:336,735 P:5,265 | 129/s | ETA: 38m
  344,000/640,219 | G:338,735 P:5,265 | 129/s | ETA: 38m
  346,000/640,219 | G:340,735 P:5,265 | 129/s | ETA: 38m
  348,000/640,219 | G:342,735 P:5,265 | 130/s | ETA: 38m
  350,000/640,219 | G:344,735 P:5,265 | 130/s | ETA: 37m
  352,000/640,219 | G:346,735 P:5,265 | 130/s | ETA: 37m
  354,000/640,219 | G:348,735 P:5,265 | 130/s | ETA: 37m
  356,000/640,219 | G:350,734 P:5,266 | 130/s | ETA: 36m
  358,000/640,219 | G:352,733 P:5,267 | 130/s | ETA: 36m
  360,000/640,219 | G:354,732 P:5,268 | 130/s | ETA: 36m
  362,000/640,219 | G:356,732 P:5,268 | 130/s | ETA: 36m
  364,000/640,219 | G:358,732 P:5,268 | 130/s | ETA: 35m
  366,000/640,219 | G:360,732 P:5,268 | 131/s | ETA: 35m
  368,000/640,219 | G:362,732 P:5,268 | 131/s | ETA: 35m
  370,000/640,219 | G:364,732 P:5,268 | 131/s | ETA: 34m
  372,000/640,219 | G:366,732 P:5,268 | 131/s | ETA: 34m
  374,000/640,219 | G:368,732 P:5,268 | 131/s | ETA: 34m
  376,000/640,219 | G:370,732 P:5,268 | 131/s | ETA: 34m
  378,000/640,219 | G:372,732 P:5,268 | 131/s | ETA: 33m
  380,000/640,219 | G:374,732 P:5,268 | 131/s | ETA: 33m
  382,000/640,219 | G:376,732 P:5,268 | 131/s | ETA: 33m
  384,000/640,219 | G:378,730 P:5,270 | 131/s | ETA: 33m
  386,000/640,219 | G:380,729 P:5,271 | 132/s | ETA: 32m
  388,000/640,219 | G:382,729 P:5,271 | 131/s | ETA: 32m
  390,000/640,219 | G:384,728 P:5,272 | 132/s | ETA: 32m
  392,000/640,219 | G:386,728 P:5,272 | 132/s | ETA: 31m
  394,000/640,219 | G:388,728 P:5,272 | 132/s | ETA: 31m
  396,000/640,219 | G:390,728 P:5,272 | 132/s | ETA: 31m
  398,000/640,219 | G:392,728 P:5,272 | 132/s | ETA: 31m
  400,000/640,219 | G:394,721 P:5,279 | 132/s | ETA: 30m
  402,000/640,219 | G:396,721 P:5,279 | 132/s | ETA: 30m
  404,000/640,219 | G:398,721 P:5,279 | 132/s | ETA: 30m
  406,000/640,219 | G:400,721 P:5,279 | 132/s | ETA: 29m
  408,000/640,219 | G:402,721 P:5,279 | 133/s | ETA: 29m
  410,000/640,219 | G:404,721 P:5,279 | 133/s | ETA: 29m
  412,000/640,219 | G:406,721 P:5,279 | 133/s | ETA: 29m
  414,000/640,219 | G:408,721 P:5,279 | 133/s | ETA: 28m
  416,000/640,219 | G:410,721 P:5,279 | 133/s | ETA: 28m
  418,000/640,219 | G:412,721 P:5,279 | 133/s | ETA: 28m
  420,000/640,219 | G:414,721 P:5,279 | 133/s | ETA: 28m
  422,000/640,219 | G:416,721 P:5,279 | 133/s | ETA: 27m
  424,000/640,219 | G:418,721 P:5,279 | 133/s | ETA: 27m
  426,000/640,219 | G:420,721 P:5,279 | 133/s | ETA: 27m
  428,000/640,219 | G:422,721 P:5,279 | 133/s | ETA: 27m
  430,000/640,219 | G:424,721 P:5,279 | 133/s | ETA: 26m
  432,000/640,219 | G:426,721 P:5,279 | 133/s | ETA: 26m
  434,000/640,219 | G:428,720 P:5,280 | 134/s | ETA: 26m
  436,000/640,219 | G:430,720 P:5,280 | 134/s | ETA: 25m
  438,000/640,219 | G:432,720 P:5,280 | 134/s | ETA: 25m
  440,000/640,219 | G:434,720 P:5,280 | 134/s | ETA: 25m
  442,000/640,219 | G:436,720 P:5,280 | 134/s | ETA: 25m
  444,000/640,219 | G:438,720 P:5,280 | 134/s | ETA: 24m
  446,000/640,219 | G:440,720 P:5,280 | 134/s | ETA: 24m
  448,000/640,219 | G:442,719 P:5,281 | 134/s | ETA: 24m
  450,000/640,219 | G:444,719 P:5,281 | 134/s | ETA: 24m
  452,000/640,219 | G:446,719 P:5,281 | 134/s | ETA: 23m
  454,000/640,219 | G:448,719 P:5,281 | 134/s | ETA: 23m
  456,000/640,219 | G:450,718 P:5,282 | 134/s | ETA: 23m
  458,000/640,219 | G:452,718 P:5,282 | 134/s | ETA: 23m
  460,000/640,219 | G:454,718 P:5,282 | 134/s | ETA: 22m
  462,000/640,219 | G:456,718 P:5,282 | 134/s | ETA: 22m
  464,000/640,219 | G:458,718 P:5,282 | 134/s | ETA: 22m
  466,000/640,219 | G:460,718 P:5,282 | 134/s | ETA: 22m
  468,000/640,219 | G:462,718 P:5,282 | 135/s | ETA: 21m
  470,000/640,219 | G:464,717 P:5,283 | 135/s | ETA: 21m
  472,000/640,219 | G:466,717 P:5,283 | 135/s | ETA: 21m
  474,000/640,219 | G:468,717 P:5,283 | 135/s | ETA: 21m
  476,000/640,219 | G:470,717 P:5,283 | 135/s | ETA: 20m
  478,000/640,219 | G:472,717 P:5,283 | 135/s | ETA: 20m
  480,000/640,219 | G:474,717 P:5,283 | 135/s | ETA: 20m
  482,000/640,219 | G:476,717 P:5,283 | 135/s | ETA: 19m
  484,000/640,219 | G:478,717 P:5,283 | 135/s | ETA: 19m
  486,000/640,219 | G:480,717 P:5,283 | 135/s | ETA: 19m
  488,000/640,219 | G:482,717 P:5,283 | 136/s | ETA: 19m
  490,000/640,219 | G:484,717 P:5,283 | 136/s | ETA: 18m
  492,000/640,219 | G:486,717 P:5,283 | 136/s | ETA: 18m
  494,000/640,219 | G:488,717 P:5,283 | 136/s | ETA: 18m
  496,000/640,219 | G:490,717 P:5,283 | 136/s | ETA: 18m
  498,000/640,219 | G:492,717 P:5,283 | 136/s | ETA: 17m
  500,000/640,219 | G:494,717 P:5,283 | 136/s | ETA: 17m
  502,000/640,219 | G:496,717 P:5,283 | 136/s | ETA: 17m
  504,000/640,219 | G:498,717 P:5,283 | 136/s | ETA: 17m
  506,000/640,219 | G:500,717 P:5,283 | 136/s | ETA: 16m
  508,000/640,219 | G:502,717 P:5,283 | 136/s | ETA: 16m
  510,000/640,219 | G:504,717 P:5,283 | 136/s | ETA: 16m
  512,000/640,219 | G:506,717 P:5,283 | 137/s | ETA: 16m
  514,000/640,219 | G:508,717 P:5,283 | 137/s | ETA: 15m
  516,000/640,219 | G:510,665 P:5,335 | 137/s | ETA: 15m
  518,000/640,219 | G:512,411 P:5,589 | 137/s | ETA: 15m
  520,000/640,219 | G:514,308 P:5,692 | 137/s | ETA: 15m
  522,000/640,219 | G:516,152 P:5,848 | 137/s | ETA: 14m
  524,000/640,219 | G:518,090 P:5,910 | 137/s | ETA: 14m
  526,000/640,219 | G:519,997 P:6,003 | 137/s | ETA: 14m
  528,000/640,219 | G:521,841 P:6,159 | 137/s | ETA: 14m
  530,000/640,219 | G:523,784 P:6,216 | 137/s | ETA: 13m
  532,000/640,219 | G:525,650 P:6,350 | 137/s | ETA: 13m
  534,000/640,219 | G:527,516 P:6,484 | 137/s | ETA: 13m
  536,000/640,219 | G:529,457 P:6,543 | 138/s | ETA: 13m
  538,000/640,219 | G:531,299 P:6,701 | 138/s | ETA: 12m
  540,000/640,219 | G:533,180 P:6,820 | 138/s | ETA: 12m
  542,000/640,219 | G:535,146 P:6,854 | 138/s | ETA: 12m
  544,000/640,219 | G:537,123 P:6,877 | 138/s | ETA: 12m
  546,000/640,219 | G:539,075 P:6,925 | 138/s | ETA: 11m
  548,000/640,219 | G:541,029 P:6,971 | 138/s | ETA: 11m
  550,000/640,219 | G:542,980 P:7,020 | 139/s | ETA: 11m
  552,000/640,219 | G:544,951 P:7,049 | 139/s | ETA: 11m
  554,000/640,219 | G:546,918 P:7,082 | 139/s | ETA: 10m
  556,000/640,219 | G:548,816 P:7,184 | 139/s | ETA: 10m
  558,000/640,219 | G:550,800 P:7,200 | 139/s | ETA: 10m
  560,000/640,219 | G:552,757 P:7,243 | 139/s | ETA: 10m
  562,000/640,219 | G:554,690 P:7,310 | 134/s | ETA: 10m
  564,000/640,219 | G:556,676 P:7,324 | 135/s | ETA: 9m
  566,000/640,219 | G:558,674 P:7,326 | 135/s | ETA: 9m
  568,000/640,219 | G:560,671 P:7,329 | 135/s | ETA: 9m
  570,000/640,219 | G:562,671 P:7,329 | 135/s | ETA: 9m
  572,000/640,219 | G:564,671 P:7,329 | 135/s | ETA: 8m
  574,000/640,219 | G:566,670 P:7,330 | 136/s | ETA: 8m
  576,000/640,219 | G:568,666 P:7,334 | 136/s | ETA: 8m
  578,000/640,219 | G:570,664 P:7,336 | 136/s | ETA: 8m
  580,000/640,219 | G:572,664 P:7,336 | 136/s | ETA: 7m
  582,000/640,219 | G:574,664 P:7,336 | 136/s | ETA: 7m
  584,000/640,219 | G:576,664 P:7,336 | 136/s | ETA: 7m
  586,000/640,219 | G:578,664 P:7,336 | 136/s | ETA: 7m
  588,000/640,219 | G:580,663 P:7,337 | 136/s | ETA: 6m
  590,000/640,219 | G:582,663 P:7,337 | 136/s | ETA: 6m
  592,000/640,219 | G:584,663 P:7,337 | 136/s | ETA: 6m
  594,000/640,219 | G:586,663 P:7,337 | 136/s | ETA: 6m
  596,000/640,219 | G:588,663 P:7,337 | 136/s | ETA: 5m
  598,000/640,219 | G:590,663 P:7,337 | 136/s | ETA: 5m
  600,000/640,219 | G:592,663 P:7,337 | 136/s | ETA: 5m
  602,000/640,219 | G:594,663 P:7,337 | 136/s | ETA: 5m
  604,000/640,219 | G:596,663 P:7,337 | 137/s | ETA: 4m
  606,000/640,219 | G:598,663 P:7,337 | 137/s | ETA: 4m
  608,000/640,219 | G:600,663 P:7,337 | 137/s | ETA: 4m
  610,000/640,219 | G:602,663 P:7,337 | 137/s | ETA: 4m
  612,000/640,219 | G:604,663 P:7,337 | 137/s | ETA: 3m
  614,000/640,219 | G:606,663 P:7,337 | 137/s | ETA: 3m
  616,000/640,219 | G:608,660 P:7,340 | 137/s | ETA: 3m
  618,000/640,219 | G:610,660 P:7,340 | 137/s | ETA: 3m
  620,000/640,219 | G:612,660 P:7,340 | 137/s | ETA: 2m
  622,000/640,219 | G:614,660 P:7,340 | 137/s | ETA: 2m
  624,000/640,219 | G:616,660 P:7,340 | 137/s | ETA: 2m
  626,000/640,219 | G:618,660 P:7,340 | 137/s | ETA: 2m
  628,000/640,219 | G:620,660 P:7,340 | 137/s | ETA: 1m
  630,000/640,219 | G:622,660 P:7,340 | 137/s | ETA: 1m
  632,000/640,219 | G:624,660 P:7,340 | 137/s | ETA: 1m
  634,000/640,219 | G:626,660 P:7,340 | 137/s | ETA: 1m
  636,000/640,219 | G:628,660 P:7,340 | 138/s | ETA: 1m
  638,000/640,219 | G:630,660 P:7,340 | 138/s | ETA: 0m
  640,000/640,219 | G:632,660 P:7,340 | 138/s | ETA: 0m

Done! 640,219 | Genuine: 632,879 | Parked: 7,340
Time: 4655.2s | Rate: 138/s
filtered_genuine_v2.txt (632,879 domains)
filtered_parked_v2.txt (7,340 domains)
