  100,000 | A:64,875 I:35,125 | 1781/s | 56.2s | ETA:17m
  200,000 | A:105,804 I:94,196 | 1763/s | 113.5s | ETA:16m
  300,000 | A:135,522 I:164,478 | 1743/s | 172.1s | ETA:16m
  400,000 | A:173,910 I:226,090 | 1832/s | 218.3s | ETA:14m
  500,000 | A:233,907 I:266,093 | 1882/s | 265.6s | ETA:13m
  600,000 | A:269,031 I:330,969 | 1873/s | 320.4s | ETA:12m
  700,000 | A:300,559 I:399,441 | 1898/s | 368.9s | ETA:11m
  800,000 | A:328,657 I:471,343 | 1890/s | 423.3s | ETA:10m
  900,000 | A:357,922 I:542,078 | 1903/s | 472.9s | ETA:9m
  1,000,000 | A:382,890 I:617,110 | 1865/s | 536.1s | ETA:8m
  1,100,000 | A:407,894 I:692,106 | 1846/s | 596.0s | ETA:8m
  1,200,000 | A:436,554 I:763,446 | 1809/s | 663.4s | ETA:7m
  1,300,000 | A:466,981 I:833,019 | 1802/s | 721.6s | ETA:6m
  1,400,000 | A:497,702 I:902,298 | 1813/s | 772.1s | ETA:5m
  1,500,000 | A:519,742 I:980,258 | 1806/s | 830.5s | ETA:4m
  1,600,000 | A:535,541 I:1,064,459 | 1760/s | 909.0s | ETA:3m
  1,700,000 | A:566,205 I:1,133,795 | 1734/s | 980.2s | ETA:2m
  1,800,000 | A:595,882 I:1,204,118 | 1728/s | 1041.4s | ETA:1m
  1,900,000 | A:629,917 I:1,270,083 | 1722/s | 1103.7s | ETA:0m

Done! 1,940,281 | Active: 642,663 | Inactive: 1,297,618
Time: 1135.2s | Rate: 1709/s
filtered_active.txt (642,663 domains)
filtered_inactive.txt (1,297,618 domains)
